Dihedral i,j,k,l: 4,3,18,19
Dephase =     0.00
Dephase =   179.57
Dephase =   179.79
Dephase =    -0.63

Iteration 01 00 

Fourier coefficients:
02 2.4925 -0.9926

Iteration 01 01 

Fourier coefficients:
02 4.0249 -0.9867

Iteration 01 02 

Fourier coefficients:
02 5.0360 -0.9883

Iteration 01 03 

Fourier coefficients:
02 5.7103 -0.9873

Iteration 01 04 

Fourier coefficients:
02 6.0853 -0.9861

Iteration 01 05 

Fourier coefficients:
02 6.3289 -0.9873

Iteration 01 06 

Fourier coefficients:
02 6.4785 -0.9861

Iteration 01 07 

Fourier coefficients:
03 6.9043 -0.0194

Iteration 01 08 

Fourier coefficients:
02 8.5333 -0.9855

Iteration 01 09 

Fourier coefficients:
05 7.8935 -0.0124

Iteration 01 10 

Fourier coefficients:
03 9.8890 -0.0129

Iteration 01 11 

Fourier coefficients:
02 11.0959 -0.9864

Iteration 01 12 

Fourier coefficients:
02 9.4408 -0.9861

Iteration 01 13 

Fourier coefficients:
01 9.2523 -0.0138

Iteration 01 14 

Fourier coefficients:
02 10.7829 -0.9878

Iteration 01 15 

Fourier coefficients:
03 11.0684 -0.0061

Iteration 01 16 

Fourier coefficients:
05 11.3919 -0.0057

Iteration 01 17 

Fourier coefficients:
03 13.2682 -0.0036

Iteration 01 18 

Fourier coefficients:
01 17.9661 -0.0053

Iteration 01 19 

Fourier coefficients:
02 15.1572 -0.9884

Iteration 01 20 

Fourier coefficients:
03 12.2050 0.0006

Iteration 02 00 

Fourier coefficients:
02 2.4925 -0.9926
03 0.9310 -0.0120

Iteration 02 01 

Fourier coefficients:
02 4.0383 -0.9911
05 1.6369 -0.0126

Iteration 02 02 

Fourier coefficients:
02 4.9778 -0.9901
03 2.8564 -0.0117

Iteration 02 03 

Fourier coefficients:
02 5.5428 -0.9883
03 2.6677 -0.0015

Iteration 02 04 

Fourier coefficients:
02 5.8433 -0.9880
05 3.4637 -0.0040

Iteration 02 05 

Fourier coefficients:
02 6.0009 -0.9855
03 4.3396 -0.0032

Iteration 02 06 

Fourier coefficients:
01 5.2952 -0.0089
02 6.0789 -0.9859

Iteration 02 07 

Fourier coefficients:
02 6.3222 -0.9871
03 4.5923 -0.0006

Iteration 02 08 

Fourier coefficients:
02 6.2423 -0.9878
05 5.2848 -0.0030

Iteration 02 09 

Fourier coefficients:
01 6.0798 -0.0074
03 6.0190 -0.0034

Iteration 02 10 

Fourier coefficients:
01 5.5950 -0.0011
02 7.9249 -0.9874

Iteration 02 11 

Fourier coefficients:
02 7.4268 -0.9861
03 6.0130 0.0023

Iteration 02 12 

Fourier coefficients:
02 6.8932 -0.9885
05 6.4649 0.0036

Iteration 02 13 

Fourier coefficients:
01 6.9928 -0.0030
03 7.2496 0.0023

Iteration 02 14 

Fourier coefficients:
01 6.5912 0.0006
02 8.0413 -0.9881

Iteration 02 15 

Fourier coefficients:
02 7.5232 -0.9864
03 6.9066 0.0036

Iteration 02 16 

Fourier coefficients:
02 6.8581 -0.9878
05 7.2552 0.0037

Iteration 02 17 

Fourier coefficients:
01 7.9611 -0.0004
03 8.0493 0.0025

Iteration 02 18 

Fourier coefficients:
01 7.5265 0.0017
02 7.6857 -0.9868

Iteration 02 19 

Fourier coefficients:
02 7.3122 -0.9863
03 7.5841 0.0031

Iteration 02 20 

Fourier coefficients:
05 7.8205 0.0029
06 7.5327 -0.9837

Iteration 03 00 

Fourier coefficients:
02 2.4925 -0.9926
03 0.9310 -0.0120
05 0.8304 -0.0104

Iteration 03 01 

Fourier coefficients:
02 3.9941 -0.9920
03 1.7304 -0.0116
05 1.3437 -0.0090

Iteration 03 02 

Fourier coefficients:
01 1.8144 -0.0152
02 4.9113 -0.9902
03 2.3661 -0.0063

Iteration 03 03 

Fourier coefficients:
02 5.4971 -0.9888
03 2.3968 0.0018
05 2.4403 -0.0013

Iteration 03 04 

Fourier coefficients:
01 3.2044 -0.0054
02 5.6692 -0.9880
03 3.0102 0.0016

Iteration 03 05 

Fourier coefficients:
02 5.9442 -0.9880
05 3.1044 0.0011
06 2.8483 -0.9778

Iteration 03 06 

Fourier coefficients:
01 3.4137 -0.0059
02 6.7783 -0.9879
03 4.3900 -0.0025

Iteration 03 07 

Fourier coefficients:
02 6.5273 -0.9885
03 3.7175 0.0008
05 3.4719 -0.0027

Iteration 03 08 

Fourier coefficients:
01 5.3977 -0.0044
02 6.1480 -0.9895
03 4.1742 -0.0012

Iteration 03 09 

Fourier coefficients:
01 4.1474 -0.0024
02 6.1431 -0.9892
05 3.8208 0.0023

Iteration 03 10 

Fourier coefficients:
01 3.5633 -0.0038
02 6.0885 -0.9866
03 5.5774 -0.0013

Iteration 03 11 

Fourier coefficients:
02 6.0091 -0.9872
03 4.5004 0.0007
05 3.9330 0.0063

Iteration 03 12 

Fourier coefficients:
01 6.3036 -0.0034
02 5.5733 -0.9875
03 4.8793 0.0003

Iteration 03 13 

Fourier coefficients:
01 4.9322 -0.0012
02 5.6772 -0.9889
05 4.1643 0.0074

Iteration 03 14 

Fourier coefficients:
02 5.8097 -0.9864
03 6.2531 0.0008
06 4.2059 -0.9638

Iteration 03 15 

Fourier coefficients:
01 6.0575 -0.0014
02 6.8128 -0.9873
03 4.3791 0.0034

Iteration 03 16 

Fourier coefficients:
01 4.5375 -0.0011
02 6.5081 -0.9882
05 4.2347 0.0021

Iteration 03 17 

Fourier coefficients:
02 6.3137 -0.9868
03 5.9073 -0.0027
06 4.0683 -0.9605

Iteration 03 18 

Fourier coefficients:
01 5.7051 -0.0024
02 7.1418 -0.9871
03 4.1814 -0.0011

Iteration 03 19 

Fourier coefficients:
01 4.2672 -0.0010
02 6.7482 -0.9885
05 4.3134 -0.0008

Iteration 03 20 

Fourier coefficients:
02 6.4701 -0.9870
03 5.7304 -0.0041
06 3.9091 -0.9588

Iteration 04 00 

Fourier coefficients:
02 2.4925 -0.9926
03 0.9310 -0.0120
05 0.8304 -0.0104
06 0.7113 -0.9689

Iteration 04 01 

Fourier coefficients:
02 4.1875 -0.9889
03 1.6977 -0.0119
05 1.3015 -0.0076
06 1.0626 -0.9657

Iteration 04 02 

Fourier coefficients:
01 1.7172 -0.0187
02 5.3573 -0.9891
03 2.2816 -0.0111
05 1.5758 -0.0045

Iteration 04 03 

Fourier coefficients:
01 2.1804 -0.0070
02 5.6409 -0.9907
03 2.7957 0.0010
05 1.7958 0.0119

Iteration 04 04 

Fourier coefficients:
01 2.6125 -0.0044
02 5.8098 -0.9878
03 3.1831 0.0022
05 1.9593 0.0141

Iteration 04 05 

Fourier coefficients:
01 2.9470 -0.0034
02 5.8256 -0.9857
03 3.4300 0.0026
06 2.1735 -0.9744

Iteration 04 06 

Fourier coefficients:
01 2.6107 -0.0018
02 6.6357 -0.9865
03 2.9927 0.0041
05 2.5569 0.0087

Iteration 04 07 

Fourier coefficients:
01 3.0907 -0.0020
02 6.3636 -0.9887
03 3.4387 0.0028
05 2.3711 0.0102

Iteration 04 08 

Fourier coefficients:
01 3.4305 -0.0035
02 6.1846 -0.9904
03 3.7014 -0.0014
06 2.4361 -0.9834

Iteration 04 09 

Fourier coefficients:
01 2.9770 -0.0021
02 6.8663 -0.9901
03 3.1187 0.0009
05 2.6931 0.0034

Iteration 04 10 

Fourier coefficients:
01 3.4636 -0.0049
02 6.4751 -0.9888
03 3.6245 -0.0042
05 2.4826 0.0034

Iteration 04 11 

Fourier coefficients:
01 3.8085 -0.0054
02 6.1984 -0.9881
03 3.9343 -0.0050
06 2.5656 -0.9727

Iteration 04 12 

Fourier coefficients:
01 3.2276 -0.0034
02 6.8705 -0.9886
03 3.2579 -0.0015
05 2.8011 0.0004

Iteration 04 13 

Fourier coefficients:
01 3.6541 -0.0037
02 6.4460 -0.9896
03 3.7384 -0.0009
05 2.5567 0.0093

Iteration 04 14 

Fourier coefficients:
01 3.9530 -0.0042
02 6.1630 -0.9883
03 4.0168 -0.0028
06 2.6434 -0.9725

Iteration 04 15 

Fourier coefficients:
01 3.3123 -0.0023
02 6.8644 -0.9893
03 3.2957 -0.0004
05 2.8219 0.0037

Iteration 04 16 

Fourier coefficients:
01 3.7480 -0.0039
02 6.4313 -0.9903
03 3.7888 -0.0025
05 2.5685 0.0059

Iteration 04 17 

Fourier coefficients:
01 4.0035 -0.0048
02 6.1595 -0.9880
03 4.0431 -0.0044
06 2.6836 -0.9713

Iteration 04 18 

Fourier coefficients:
01 3.3515 -0.0028
02 6.8622 -0.9887
03 3.3161 -0.0011
05 2.8166 0.0021

Iteration 04 19 

Fourier coefficients:
01 3.7864 -0.0045
02 6.4160 -0.9891
03 3.8103 -0.0046
05 2.5662 0.0047

Iteration 04 20 

Fourier coefficients:
01 4.0312 -0.0052
02 6.1455 -0.9886
03 4.0576 -0.0046
06 2.7253 -0.9693

Iteration 05 00 

Fourier coefficients:
02 2.4925 -0.9926
03 0.9310 -0.0120
04 0.1620 -0.0462
05 0.8304 -0.0104
06 0.7113 -0.9689

Iteration 05 01 

Fourier coefficients:
01 0.7959 -0.0274
02 4.1674 -0.9890
03 1.7405 -0.0162
05 1.3234 -0.0139
06 1.0580 -0.9623

Iteration 05 02 

Fourier coefficients:
01 1.4507 -0.0186
02 5.3118 -0.9886
03 2.3533 -0.0153
05 1.5948 -0.0127
06 1.1847 -0.9552

Iteration 05 03 

Fourier coefficients:
01 1.9895 -0.0103
02 5.9538 -0.9859
03 2.7575 -0.0072
05 1.7176 -0.0025
06 1.1637 -0.9381

Iteration 05 04 

Fourier coefficients:
01 2.4304 -0.0063
02 6.3583 -0.9852
03 3.0669 -0.0020
05 1.8154 0.0042
06 1.1249 -0.9381

Iteration 05 05 

Fourier coefficients:
01 2.7707 -0.0046
02 6.5744 -0.9847
03 3.2845 -0.0016
05 1.8623 0.0019
06 1.0593 -0.9372

Iteration 05 06 

Fourier coefficients:
01 3.0125 -0.0037
02 6.6475 -0.9856
03 3.4343 0.0005
05 1.8941 0.0064
06 1.0013 -0.9461

Iteration 05 07 

Fourier coefficients:
01 3.1955 -0.0030
02 6.6471 -0.9853
03 3.5496 0.0007
05 1.9259 0.0045
06 0.9535 -0.9419
