Dihedral i,j,k,l: 4,1,2,7
Dephase =     0.00
Dephase =  -122.49
Dephase =   121.76
Dephase =   121.23
Dephase =    -1.26
Dephase =  -117.01
Dephase =  -120.00
Dephase =   117.51
Dephase =     1.76

Iteration 01 00 

Fourier coefficients:
03 3.4054 0.0518

Iteration 01 01 

Fourier coefficients:
01 6.6670 0.5721

Iteration 01 02 

Fourier coefficients:
03 8.5087 0.0502

Iteration 01 03 

Fourier coefficients:
01 9.9938 0.5687

Iteration 01 04 

Fourier coefficients:
03 11.0598 0.0479

Iteration 01 05 

Fourier coefficients:
01 11.6249 0.5665

Iteration 01 06 

Fourier coefficients:
02 13.5100 -0.1675

Iteration 01 07 

Fourier coefficients:
03 15.8385 0.0471

Iteration 01 08 

Fourier coefficients:
01 16.0070 0.5551

Iteration 01 09 

Fourier coefficients:
03 14.8853 0.0474

Iteration 01 10 

Fourier coefficients:
01 14.7183 0.5566

Iteration 01 11 

Fourier coefficients:
02 16.5473 -0.1703

Iteration 01 12 

Fourier coefficients:
03 17.8661 0.0465

Iteration 01 13 

Fourier coefficients:
01 17.8051 0.5392

Iteration 01 14 

Fourier coefficients:
03 16.2567 0.0538

Iteration 01 15 

Fourier coefficients:
02 16.4484 -0.1604

Iteration 01 16 

Fourier coefficients:
01 19.1159 0.5417

Iteration 01 17 

Fourier coefficients:
03 18.6183 0.0492

Iteration 01 18 

Fourier coefficients:
01 16.4899 0.5333

Iteration 01 19 

Fourier coefficients:
03 16.7136 0.0537

Iteration 01 20 

Fourier coefficients:
02 18.4284 -0.1574

Iteration 02 00 

Fourier coefficients:
01 3.3231 0.5743
03 3.4054 0.0518

Iteration 02 01 

Fourier coefficients:
01 4.9920 0.5720
03 5.1185 0.0507

Iteration 02 02 

Fourier coefficients:
01 5.8096 0.5701
03 5.9799 0.0493

Iteration 02 03 

Fourier coefficients:
02 7.6415 -0.1682
03 6.4017 0.0469

Iteration 02 04 

Fourier coefficients:
01 9.6821 0.5559
03 6.6811 0.0474

Iteration 02 05 

Fourier coefficients:
01 8.1226 0.5582
02 7.7790 -0.1727

Iteration 02 06 

Fourier coefficients:
01 7.4206 0.5611
03 10.1175 0.0415

Iteration 02 07 

Fourier coefficients:
02 7.8697 -0.1775
03 8.4933 0.0424

Iteration 02 08 

Fourier coefficients:
01 10.5772 0.5467
03 7.7779 0.0419

Iteration 02 09 

Fourier coefficients:
01 8.5510 0.5521
02 7.8740 -0.1794

Iteration 02 10 

Fourier coefficients:
01 7.6371 0.5569
03 10.6785 0.0398

Iteration 02 11 

Fourier coefficients:
02 7.9084 -0.1816
03 8.7712 0.0400

Iteration 02 12 

Fourier coefficients:
01 10.7269 0.5446
03 7.9250 0.0420

Iteration 02 13 

Fourier coefficients:
01 8.6344 0.5498
02 7.9219 -0.1804

Iteration 02 14 

Fourier coefficients:
01 7.6780 0.5553
03 10.7656 0.0402

Iteration 02 15 

Fourier coefficients:
02 7.9603 -0.1820
03 8.8190 0.0408

Iteration 02 16 

Fourier coefficients:
01 10.7085 0.5439
04 8.0486 -0.8259

Iteration 02 17 

Fourier coefficients:
01 8.4007 0.5736
03 11.3531 0.0455

Iteration 02 18 

Fourier coefficients:
02 9.9269 -0.1892
03 9.1106 0.0422

Iteration 02 19 

Fourier coefficients:
01 11.1552 0.5451
03 8.1631 0.0437

Iteration 02 20 

Fourier coefficients:
01 8.8383 0.5503
02 8.9585 -0.1828

Iteration 03 00 

Fourier coefficients:
01 3.3231 0.5743
02 1.9371 -0.1560
03 3.4054 0.0518

Iteration 03 01 

Fourier coefficients:
01 5.0173 0.5686
02 2.8955 -0.1629
03 5.1248 0.0492

Iteration 03 02 

Fourier coefficients:
01 5.8610 0.5632
02 3.3842 -0.1700
03 5.9909 0.0472

Iteration 03 03 

Fourier coefficients:
01 6.2782 0.5569
02 3.6489 -0.1747
03 6.3996 0.0436

Iteration 03 04 

Fourier coefficients:
01 6.4948 0.5535
02 3.7818 -0.1789
03 6.6071 0.0421

Iteration 03 05 

Fourier coefficients:
01 6.6027 0.5512
02 3.8476 -0.1801
03 6.7073 0.0407

Iteration 03 06 

Fourier coefficients:
01 6.6481 0.5492
02 3.8974 -0.1817
03 6.7643 0.0393

Iteration 03 07 

Fourier coefficients:
01 6.6732 0.5477
03 6.7933 0.0388
04 4.0036 -0.8200

Iteration 03 08 

Fourier coefficients:
01 6.5609 0.5701
02 5.8908 -0.1875
03 6.8441 0.0447

Iteration 03 09 

Fourier coefficients:
01 6.6780 0.5564
02 4.9166 -0.1853
03 6.8603 0.0411

Iteration 03 10 

Fourier coefficients:
01 6.7161 0.5508
02 4.4294 -0.1843
03 6.8581 0.0397

Iteration 03 11 

Fourier coefficients:
01 6.7244 0.5484
03 6.8530 0.0392
06 4.1924 -0.9407

Iteration 03 12 

Fourier coefficients:
01 6.6630 0.5518
02 6.1584 -0.1867
03 6.3388 0.0383

Iteration 03 13 

Fourier coefficients:
01 6.7288 0.5478
03 6.6019 0.0381
04 5.2476 -0.8067

Iteration 03 14 

Fourier coefficients:
01 6.5197 0.5737
02 7.0346 -0.1899
03 6.7550 0.0448

Iteration 03 15 

Fourier coefficients:
01 6.6787 0.5572
03 6.8184 0.0411
05 5.5702 0.8629

Iteration 03 16 

Fourier coefficients:
01 6.6496 0.5609
02 6.8784 -0.1889
03 6.6309 0.0449

Iteration 03 17 

Fourier coefficients:
01 6.7205 0.5499
02 5.4454 -0.1874
03 6.7474 0.0397

Iteration 03 18 

Fourier coefficients:
01 6.7472 0.5468
03 6.8041 0.0390
04 5.1456 -0.8061

Iteration 03 19 

Fourier coefficients:
01 6.5351 0.5734
02 6.6802 -0.1910
03 6.8560 0.0451

Iteration 03 20 

Fourier coefficients:
01 6.6664 0.5564
03 6.8643 0.0406
06 5.7742 -0.9479

Iteration 04 00 

Fourier coefficients:
01 3.3231 0.5743
02 1.9371 -0.1560
03 3.4054 0.0518
04 0.4695 -0.8642

Iteration 04 01 

Fourier coefficients:
01 5.0209 0.5711
02 2.8769 -0.1639
03 5.1269 0.0502
04 0.7138 -0.8500

Iteration 04 02 

Fourier coefficients:
01 5.8316 0.5658
02 3.3748 -0.1734
03 5.9747 0.0474
04 0.8668 -0.8409

Iteration 04 03 

Fourier coefficients:
01 6.2564 0.5633
02 3.6489 -0.1791
03 6.3953 0.0455
04 0.9489 -0.8329

Iteration 04 04 

Fourier coefficients:
01 6.4503 0.5610
02 3.8179 -0.1839
03 6.6045 0.0438
05 1.3469 0.8601

Iteration 04 05 

Fourier coefficients:
01 6.6062 0.5570
02 3.7408 -0.1823
03 6.6605 0.0438
06 1.5990 -0.9063
